Archive member included to satisfy reference by file (symbol)

..\..\..\..\..\..\..\..\Program Files (x86)\GNU Tools ARM Embedded\5.4 2016q3\arm-none-eabi\lib\armv6-m\libm.a(lib_a-wf_asin.o)
                              ..\obj\Quaternion.o (asinf)
..\..\..\..\..\..\..\..\Program Files (x86)\GNU Tools ARM Embedded\5.4 2016q3\arm-none-eabi\lib\armv6-m\libm.a(lib_a-wf_atan2.o)
                              ..\obj\Quaternion.o (atan2f)
..\..\..\..\..\..\..\..\Program Files (x86)\GNU Tools ARM Embedded\5.4 2016q3\arm-none-eabi\lib\armv6-m\libm.a(lib_a-wf_sqrt.o)
                              ..\obj\Quaternion.o (sqrtf)
..\..\..\..\..\..\..\..\Program Files (x86)\GNU Tools ARM Embedded\5.4 2016q3\arm-none-eabi\lib\armv6-m\libm.a(lib_a-ef_asin.o)
                              ..\..\..\..\..\..\..\..\Program Files (x86)\GNU Tools ARM Embedded\5.4 2016q3\arm-none-eabi\lib\armv6-m\libm.a(lib_a-wf_asin.o) (__ieee754_asinf)
..\..\..\..\..\..\..\..\Program Files (x86)\GNU Tools ARM Embedded\5.4 2016q3\arm-none-eabi\lib\armv6-m\libm.a(lib_a-ef_atan2.o)
                              ..\..\..\..\..\..\..\..\Program Files (x86)\GNU Tools ARM Embedded\5.4 2016q3\arm-none-eabi\lib\armv6-m\libm.a(lib_a-wf_atan2.o) (__ieee754_atan2f)
..\..\..\..\..\..\..\..\Program Files (x86)\GNU Tools ARM Embedded\5.4 2016q3\arm-none-eabi\lib\armv6-m\libm.a(lib_a-ef_sqrt.o)
                              ..\..\..\..\..\..\..\..\Program Files (x86)\GNU Tools ARM Embedded\5.4 2016q3\arm-none-eabi\lib\armv6-m\libm.a(lib_a-wf_sqrt.o) (__ieee754_sqrtf)
..\..\..\..\..\..\..\..\Program Files (x86)\GNU Tools ARM Embedded\5.4 2016q3\arm-none-eabi\lib\armv6-m\libm.a(lib_a-s_lib_ver.o)
                              ..\..\..\..\..\..\..\..\Program Files (x86)\GNU Tools ARM Embedded\5.4 2016q3\arm-none-eabi\lib\armv6-m\libm.a(lib_a-wf_asin.o) (__fdlib_version)
..\..\..\..\..\..\..\..\Program Files (x86)\GNU Tools ARM Embedded\5.4 2016q3\arm-none-eabi\lib\armv6-m\libm.a(lib_a-s_matherr.o)
                              ..\..\..\..\..\..\..\..\Program Files (x86)\GNU Tools ARM Embedded\5.4 2016q3\arm-none-eabi\lib\armv6-m\libm.a(lib_a-wf_asin.o) (matherr)
..\..\..\..\..\..\..\..\Program Files (x86)\GNU Tools ARM Embedded\5.4 2016q3\arm-none-eabi\lib\armv6-m\libm.a(lib_a-s_nan.o)
                              ..\..\..\..\..\..\..\..\Program Files (x86)\GNU Tools ARM Embedded\5.4 2016q3\arm-none-eabi\lib\armv6-m\libm.a(lib_a-wf_asin.o) (nan)
..\..\..\..\..\..\..\..\Program Files (x86)\GNU Tools ARM Embedded\5.4 2016q3\arm-none-eabi\lib\armv6-m\libm.a(lib_a-sf_atan.o)
                              ..\..\..\..\..\..\..\..\Program Files (x86)\GNU Tools ARM Embedded\5.4 2016q3\arm-none-eabi\lib\armv6-m\libm.a(lib_a-ef_atan2.o) (atanf)
..\..\..\..\..\..\..\..\Program Files (x86)\GNU Tools ARM Embedded\5.4 2016q3\arm-none-eabi\lib\armv6-m\libm.a(lib_a-sf_fabs.o)
                              ..\..\..\..\..\..\..\..\Program Files (x86)\GNU Tools ARM Embedded\5.4 2016q3\arm-none-eabi\lib\armv6-m\libm.a(lib_a-wf_asin.o) (fabsf)
c:/program files (x86)/gnu tools arm embedded/5.4 2016q3/bin/../lib/gcc/arm-none-eabi/5.4.1/armv6-m\libgcc.a(_udivsi3.o)
                              ..\obj\stm32f30x_rcc.o (__aeabi_uidiv)
c:/program files (x86)/gnu tools arm embedded/5.4 2016q3/bin/../lib/gcc/arm-none-eabi/5.4.1/armv6-m\libgcc.a(_divsi3.o)
                              ..\obj\usb_core.o (__aeabi_idivmod)
c:/program files (x86)/gnu tools arm embedded/5.4 2016q3/bin/../lib/gcc/arm-none-eabi/5.4.1/armv6-m\libgcc.a(_dvmd_tls.o)
                              c:/program files (x86)/gnu tools arm embedded/5.4 2016q3/bin/../lib/gcc/arm-none-eabi/5.4.1/armv6-m\libgcc.a(_udivsi3.o) (__aeabi_idiv0)
c:/program files (x86)/gnu tools arm embedded/5.4 2016q3/bin/../lib/gcc/arm-none-eabi/5.4.1/armv6-m\libgcc.a(_arm_cmpsf2.o)
                              ..\obj\arm_cos_f32.o (__aeabi_fcmplt)
c:/program files (x86)/gnu tools arm embedded/5.4 2016q3/bin/../lib/gcc/arm-none-eabi/5.4.1/armv6-m\libgcc.a(_fixunssfsi.o)
                              ..\obj\arm_cos_f32.o (__aeabi_f2uiz)
c:/program files (x86)/gnu tools arm embedded/5.4 2016q3/bin/../lib/gcc/arm-none-eabi/5.4.1/armv6-m\libgcc.a(addsf3.o)
                              ..\obj\arm_add_f32.o (__aeabi_fadd)
c:/program files (x86)/gnu tools arm embedded/5.4 2016q3/bin/../lib/gcc/arm-none-eabi/5.4.1/armv6-m\libgcc.a(divsf3.o)
                              ..\obj\Kalman.o (__aeabi_fdiv)
c:/program files (x86)/gnu tools arm embedded/5.4 2016q3/bin/../lib/gcc/arm-none-eabi/5.4.1/armv6-m\libgcc.a(eqsf2.o)
                              c:/program files (x86)/gnu tools arm embedded/5.4 2016q3/bin/../lib/gcc/arm-none-eabi/5.4.1/armv6-m\libgcc.a(_arm_cmpsf2.o) (__eqsf2)
c:/program files (x86)/gnu tools arm embedded/5.4 2016q3/bin/../lib/gcc/arm-none-eabi/5.4.1/armv6-m\libgcc.a(gesf2.o)
                              c:/program files (x86)/gnu tools arm embedded/5.4 2016q3/bin/../lib/gcc/arm-none-eabi/5.4.1/armv6-m\libgcc.a(_arm_cmpsf2.o) (__gesf2)
[...]
Memory Configuration

Name             Origin             Length             Attributes
rom              0x08000000         0x00040000         xr
ram              0x20000000         0x0000a000         xrw
ram1             0x10000000         0x00002000         xrw
*default*        0x00000000         0xffffffff

Linker script and memory map

LOAD c:/program files (x86)/gnu tools arm embedded/5.4 2016q3/bin/../lib/gcc/arm-none-eabi/5.4.1/armv6-m/crti.o
LOAD c:/program files (x86)/gnu tools arm embedded/5.4 2016q3/bin/../lib/gcc/arm-none-eabi/5.4.1/armv6-m/crtbegin.o
LOAD c:/program files (x86)/gnu tools arm embedded/5.4 2016q3/bin/../lib/gcc/arm-none-eabi/5.4.1/../../../../arm-none-eabi/lib/armv6-m/crt0.o
                0x2000a000                _eram = 0x2000a000

.text           0x08000000     0x4ab0
 *(.isr_vector)
 .isr_vector    0x08000000      0x188 ..\obj\startup_stm32f30x.o
                0x08000000                g_pfnVectors
 *(.text*)
 .text          0x08000188       0x60 c:/program files (x86)/gnu tools arm embedded/5.4 2016q3/bin/../lib/gcc/arm-none-eabi/5.4.1/armv6-m/crtbegin.o
 .text.Standard_GetConfiguration
                0x080001e8       0x40 ..\obj\usb_core.o
                0x080001e8                Standard_GetConfiguration
 .text.Standard_SetConfiguration
                0x08000228       0x54 ..\obj\usb_core.o
                0x08000228                Standard_SetConfiguration
 .text.Standard_GetInterface
                0x0800027c       0x40 ..\obj\usb_core.o
                0x0800027c                Standard_GetInterface
 .text.Standard_SetInterface
                0x080002bc       0x90 ..\obj\usb_core.o
                0x080002bc                Standard_SetInterface
 .text.Standard_GetStatus
                0x0800034c      0x168 ..\obj\usb_core.o
                0x0800034c                Standard_GetStatus
 .text.Standard_ClearFeature
                0x080004b4      0x1dc ..\obj\usb_core.o
                0x080004b4                Standard_ClearFeature
 .text.Standard_SetEndPointFeature
                0x08000690      0x114 ..\obj\usb_core.o
                0x08000690                Standard_SetEndPointFeature
 .text.Standard_SetDeviceFeature
                0x080007a4       0x30 ..\obj\usb_core.o
                0x080007a4                Standard_SetDeviceFeature
 .text.Standard_GetDescriptorData
                0x080007d4       0x48 ..\obj\usb_core.o
                0x080007d4                Standard_GetDescriptorData
 .text.DataStageOut
                0x0800081c      0x104 ..\obj\usb_core.o
 .text.DataStageIn
                0x08000920      0x10c ..\obj\usb_core.o
 .text.NoData_Setup0
                0x08000a2c      0x1d4 ..\obj\usb_core.o
 .text.Data_Setup0
                0x08000c00      0x354 ..\obj\usb_core.o
 .text.Setup0_Process
                0x08000f54       0xe4 ..\obj\usb_core.o
                0x08000f54                Setup0_Process
 .text.In0_Process
                0x08001038       0x90 ..\obj\usb_core.o
                0x08001038                In0_Process
 .text.Out0_Process
                0x080010c8       0x74 ..\obj\usb_core.o
                0x080010c8                Out0_Process
 .text.Post0_Process
                0x0800113c       0x50 ..\obj\usb_core.o
                0x0800113c                Post0_Process
 .text.SetDeviceAddress
                0x0800118c       0x80 ..\obj\usb_core.o
                0x0800118c                SetDeviceAddress
 .text.NOP_Process
                0x0800120c        0xc ..\obj\usb_core.o
                0x0800120c                NOP_Process
 .text.RCC_USBCLKConfig
                0x08001218       0x1c ..\obj\stm32f30x_rcc.o
                0x08001218                RCC_USBCLKConfig
 .text.RCC_AHBPeriphClockCmd
                0x08001234       0x40 ..\obj\stm32f30x_rcc.o
                0x08001234                RCC_AHBPeriphClockCmd
 .text.RCC_APB2PeriphClockCmd
                0x08001274       0x40 ..\obj\stm32f30x_rcc.o
                0x08001274                RCC_APB2PeriphClockCmd
 .text.RCC_APB1PeriphClockCmd
                0x080012b4       0x40 ..\obj\stm32f30x_rcc.o
                0x080012b4                RCC_APB1PeriphClockCmd
 .text.SystemInit
                0x080012f4       0x8c ..\obj\system_stm32f30x.o
                0x080012f4                SystemInit
 .text.SetSysClock
                0x08001380       0xf0 ..\obj\system_stm32f30x.o
 .text.NVIC_EnableIRQ
                0x08001470       0x38 ..\obj\Periph_init.o
 .text.TIM1_init
                0x080014a8       0xe0 ..\obj\Periph_init.o
                0x080014a8                TIM1_init
 .text.LED_config
                0x08001588       0x60 ..\obj\Periph_init.o
                0x08001588                LED_config
 .text.SPI_init
                0x080015e8      0x2c8 ..\obj\Periph_init.o
                0x080015e8                SPI_init
 .text.Ext_int_IRQ
                0x080018b0       0xf4 ..\obj\Periph_init.o
                0x080018b0                Ext_int_IRQ
 .text.CTR_LP   0x080019a4      0x340 ..\obj\usb_int.o
                0x080019a4                CTR_LP
 .text.CTR_HP   0x08001ce4       0xec ..\obj\usb_int.o
                0x08001ce4                CTR_HP
 .text.SetBTABLE
                0x08001dd0       0x28 ..\obj\usb_regs.o
                0x08001dd0                SetBTABLE
 .text.GetENDPOINT
                0x08001df8       0x28 ..\obj\usb_regs.o
                0x08001df8                GetENDPOINT
 .text.SetEPType
                0x08001e20       0x54 ..\obj\usb_regs.o
                0x08001e20                SetEPType
 .text.SetEPTxStatus
                0x08001e74       0x78 ..\obj\usb_regs.o
                0x08001e74                SetEPTxStatus
 .text.SetEPRxStatus
                0x08001eec       0x80 ..\obj\usb_regs.o
                0x08001eec                SetEPRxStatus
 .text.SetEPRxValid
                0x08001f6c       0x5c ..\obj\usb_regs.o
                0x08001f6c                SetEPRxValid
 .text.Clear_Status_Out
                0x08001fc8       0x4c ..\obj\usb_regs.o
                0x08001fc8                Clear_Status_Out
 .text.ToggleDTOG_RX
                0x08002014       0x48 ..\obj\usb_regs.o
                0x08002014                ToggleDTOG_RX
 .text.ClearDTOG_RX
                0x0800205c       0x64 ..\obj\usb_regs.o
                0x0800205c                ClearDTOG_RX
 .text.ClearDTOG_TX
                0x080020c0       0x60 ..\obj\usb_regs.o
                0x080020c0                ClearDTOG_TX
 .text.SetEPTxAddr
                0x08002120       0x48 ..\obj\usb_regs.o
                0x08002120                SetEPTxAddr
 .text.SetEPRxAddr
                0x08002168       0x48 ..\obj\usb_regs.o
                0x08002168                SetEPRxAddr
 .text.GetEPTxAddr
                0x080021b0       0x38 ..\obj\usb_regs.o
                0x080021b0                GetEPTxAddr
 .text.GetEPRxAddr
                0x080021e8       0x38 ..\obj\usb_regs.o
                0x080021e8                GetEPRxAddr
 .text.SetEPTxCount
                0x08002220       0x40 ..\obj\usb_regs.o
                0x08002220                SetEPTxCount
 .text.SetEPRxCount
                0x08002260       0xb0 ..\obj\usb_regs.o
                0x08002260                SetEPRxCount
 .text.SetEPDblBuffAddr
                0x08002310       0x7c ..\obj\usb_regs.o
                0x08002310                SetEPDblBuffAddr
 .text.SetEPDblBuffCount
                0x0800238c      0x1b0 ..\obj\usb_regs.o
                0x0800238c                SetEPDblBuffCount
 .text.ByteSwap
                0x0800253c       0x44 ..\obj\usb_regs.o
                0x0800253c                ByteSwap
 .text.Set_System
                0x08002580       0xc0 ..\obj\hw_config.o
                0x08002580                Set_System
 .text.Set_USBClock
                0x08002640       0x1c ..\obj\hw_config.o
                0x08002640                Set_USBClock
 .text.Leave_LowPowerMode
                0x0800265c       0x34 ..\obj\hw_config.o
                0x0800265c                Leave_LowPowerMode
 .text.USB_Config
                0x08002690       0x58 ..\obj\hw_config.o
                0x08002690                USB_Config
 .text.USB_Cable_Config
                0x080026e8       0x14 ..\obj\hw_config.o
                0x080026e8                USB_Cable_Config
 .text.Get_SerialNum
                0x080026fc       0x5c ..\obj\hw_config.o
                0x080026fc                Get_SerialNum
 .text.IntToUnicode
                0x08002758       0x9c ..\obj\hw_config.o
 .text.MICROPHONE_init
                0x080027f4       0x2c ..\obj\usb_prop.o
                0x080027f4                MICROPHONE_init
 .text.MICROPHONE_Reset
                0x08002820       0xe8 ..\obj\usb_prop.o
                0x08002820                MICROPHONE_Reset
 .text.MICROPHONE_SetConfiguration
                0x08002908       0x28 ..\obj\usb_prop.o
                0x08002908                MICROPHONE_SetConfiguration
 .text.MICROPHONE_SetDeviceAddress
                0x08002930       0x14 ..\obj\usb_prop.o
                0x08002930                MICROPHONE_SetDeviceAddress
 .text.MICROPHONE_Status_In
                0x08002944        0xc ..\obj\usb_prop.o
                0x08002944                MICROPHONE_Status_In
 .text.MICROPHONE_Status_Out
                0x08002950        0xc ..\obj\usb_prop.o
                0x08002950                MICROPHONE_Status_Out
 .text.MICROPHONE_Data_Setup
                0x0800295c       0x50 ..\obj\usb_prop.o
                0x0800295c                MICROPHONE_Data_Setup
 .text.MICROPHONE_NoData_Setup
                0x080029ac       0x18 ..\obj\usb_prop.o
                0x080029ac                MICROPHONE_NoData_Setup
 .text.MICROPHONE_GetDeviceDescriptor
                0x080029c4       0x28 ..\obj\usb_prop.o
                0x080029c4                MICROPHONE_GetDeviceDescriptor
 .text.MICROPHONE_GetConfigDescriptor
                0x080029ec       0x28 ..\obj\usb_prop.o
                0x080029ec                MICROPHONE_GetConfigDescriptor
 .text.MICROPHONE_GetStringDescriptor
                0x08002a14       0x50 ..\obj\usb_prop.o
                0x08002a14                MICROPHONE_GetStringDescriptor
 .text.MICROPHONE_Get_Interface_Setting
                0x08002a64       0x34 ..\obj\usb_prop.o
                0x08002a64                MICROPHONE_Get_Interface_Setting
 .text.Mute_Command
                0x08002a98       0x38 ..\obj\usb_prop.o
                0x08002a98                Mute_Command
 .text.GPIO_Init
                0x08002ad0      0x128 ..\obj\stm32f30x_gpio.o
                0x08002ad0                GPIO_Init
 .text.GPIO_ReadInputDataBit
                0x08002bf8       0x48 ..\obj\stm32f30x_gpio.o
                0x08002bf8                GPIO_ReadInputDataBit
 .text.GPIO_SetBits
                0x08002c40       0x20 ..\obj\stm32f30x_gpio.o
                0x08002c40                GPIO_SetBits
 .text.GPIO_ResetBits
                0x08002c60       0x20 ..\obj\stm32f30x_gpio.o
                0x08002c60                GPIO_ResetBits
 .text.GPIO_PinAFConfig
                0x08002c80       0xa4 ..\obj\stm32f30x_gpio.o
                0x08002c80                GPIO_PinAFConfig
 .text.PowerOn  0x08002d24       0x54 ..\obj\usb_pwr.o
                0x08002d24                PowerOn
 .text.Suspend  0x08002d78      0x19c ..\obj\usb_pwr.o
                0x08002d78                Suspend
 .text.Resume_Init
                0x08002f14       0x3c ..\obj\usb_pwr.o
                0x08002f14                Resume_Init
 .text.Resume   0x08002f50      0x130 ..\obj\usb_pwr.o
                0x08002f50                Resume
 .text.USB_Init
                0x08003080       0x44 ..\obj\usb_init.o
                0x08003080                USB_Init
 .text.NVIC_EnableIRQ
                0x080030c4       0x38 ..\obj\main.o
 .text.NVIC_SetPriority
                0x080030fc       0x60 ..\obj\main.o
 .text.SysTick_Config
                0x0800315c       0x4c ..\obj\main.o
 .text.delay_ms
                0x080031a8       0x2c ..\obj\main.o
                0x080031a8                delay_ms
 .text.Enable_interrupts
                0x080031d4       0xb8 ..\obj\main.o
                0x080031d4                Enable_interrupts
 .text.Init_SPI1_buffer
                0x0800328c       0x1c ..\obj\main.o
                0x0800328c                Init_SPI1_buffer
 .text.main     0x080032a8      0x16c ..\obj\main.o
                0x080032a8                main
 .text.DMA_Init
                0x08003414       0x7c ..\obj\stm32f30x_dma.o
                0x08003414                DMA_Init
 .text.DMA_Cmd  0x08003490       0x3c ..\obj\stm32f30x_dma.o
                0x08003490                DMA_Cmd
 .text.DMA_SetCurrDataCounter
                0x080034cc       0x20 ..\obj\stm32f30x_dma.o
                0x080034cc                DMA_SetCurrDataCounter
 .text.DMA_ITConfig
                0x080034ec       0x3c ..\obj\stm32f30x_dma.o
                0x080034ec                DMA_ITConfig
 .text.DMA_GetFlagStatus
                0x08003528       0x5c ..\obj\stm32f30x_dma.o
                0x08003528                DMA_GetFlagStatus
 .text.DMA_ClearITPendingBit
                0x08003584       0x30 ..\obj\stm32f30x_dma.o
                0x08003584                DMA_ClearITPendingBit
 .text.EXTI_Init
                0x080035b4      0x208 ..\obj\stm32f30x_exti.o
                0x080035b4                EXTI_Init
 .text.EXTI_ClearITPendingBit
                0x080037bc       0x30 ..\obj\stm32f30x_exti.o
                0x080037bc                EXTI_ClearITPendingBit
 .text.SPI_Init
                0x080037ec      0x184 ..\obj\stm32f30x_spi.o
                0x080037ec                SPI_Init
 .text.SPI_Cmd  0x08003970       0x40 ..\obj\stm32f30x_spi.o
                0x08003970                SPI_Cmd
 .text.SPI_I2S_DMACmd
                0x080039b0       0x54 ..\obj\stm32f30x_spi.o
                0x080039b0                SPI_I2S_DMACmd
 .text.SPI_I2S_GetFlagStatus
                0x08003a04       0x48 ..\obj\stm32f30x_spi.o
                0x08003a04                SPI_I2S_GetFlagStatus
 .text.USB_SIL_Init
                0x08003a4c       0x30 ..\obj\usb_sil.o
                0x08003a4c                USB_SIL_Init
 .text.NVIC_PriorityGroupConfig
                0x08003a7c       0x24 ..\obj\stm32f30x_misc.o
                0x08003a7c                NVIC_PriorityGroupConfig
 .text.NVIC_Init
                0x08003aa0       0xcc ..\obj\stm32f30x_misc.o
                0x08003aa0                NVIC_Init
 .text.TIM_TimeBaseInit
                0x08003b6c      0x11c ..\obj\stm32f30x_tim.o
                0x08003b6c                TIM_TimeBaseInit
 .text.TIM_SetCounter
                0x08003c88       0x18 ..\obj\stm32f30x_tim.o
                0x08003c88                TIM_SetCounter
 .text.TIM_Cmd  0x08003ca0       0x40 ..\obj\stm32f30x_tim.o
                0x08003ca0                TIM_Cmd
 .text.TIM_ITConfig
                0x08003ce0       0x4c ..\obj\stm32f30x_tim.o
                0x08003ce0                TIM_ITConfig
 .text.TIM_GetITStatus
                0x08003d2c       0x80 ..\obj\stm32f30x_tim.o
                0x08003d2c                TIM_GetITStatus
 .text.TIM_ClearITPendingBit
                0x08003dac       0x24 ..\obj\stm32f30x_tim.o
                0x08003dac                TIM_ClearITPendingBit
 .text.NMI_Handler
                0x08003dd0        0xc ..\obj\stm32_it.o
                0x08003dd0                NMI_Handler
 .text.HardFault_Handler
                0x08003ddc        0x8 ..\obj\stm32_it.o
                0x08003ddc                HardFault_Handler
 .text.MemManage_Handler
                0x08003de4        0x8 ..\obj\stm32_it.o
                0x08003de4                MemManage_Handler
 .text.BusFault_Handler
                0x08003dec        0x8 ..\obj\stm32_it.o
                0x08003dec                BusFault_Handler
 .text.UsageFault_Handler
                0x08003df4        0x8 ..\obj\stm32_it.o
                0x08003df4                UsageFault_Handler
 .text.SVC_Handler
                0x08003dfc        0xc ..\obj\stm32_it.o
                0x08003dfc                SVC_Handler
 .text.DebugMon_Handler
                0x08003e08        0xc ..\obj\stm32_it.o
                0x08003e08                DebugMon_Handler
 .text.PendSV_Handler
                0x08003e14        0xc ..\obj\stm32_it.o
                0x08003e14                PendSV_Handler
 .text.USB_LP_CAN1_RX0_IRQHandler
                0x08003e20       0x10 ..\obj\stm32_it.o
                0x08003e20                USB_LP_CAN1_RX0_IRQHandler
 .text.USB_HP_CAN1_TX_IRQHandler
                0x08003e30       0x10 ..\obj\stm32_it.o
                0x08003e30                USB_HP_CAN1_TX_IRQHandler
 .text.USBWakeUp_IRQHandler
                0x08003e40       0x10 ..\obj\stm32_it.o
                0x08003e40                USBWakeUp_IRQHandler
 .text.USB_HP_IRQHandler
                0x08003e50       0x10 ..\obj\stm32_it.o
                0x08003e50                USB_HP_IRQHandler
 .text.DMA1_Channel3_IRQHandler
                0x08003e60       0x60 ..\obj\stm32_it.o
                0x08003e60                DMA1_Channel3_IRQHandler
 .text.DMA1_Channel2_IRQHandler
                0x08003ec0       0x34 ..\obj\stm32_it.o
                0x08003ec0                DMA1_Channel2_IRQHandler
 .text.TIM4_IRQHandler
                0x08003ef4      0x154 ..\obj\stm32_it.o
                0x08003ef4                TIM4_IRQHandler
 .text.TIM7_IRQHandler
                0x08004048       0x28 ..\obj\stm32_it.o
                0x08004048                TIM7_IRQHandler
 .text.SysTick_Handler
                0x08004070       0x20 ..\obj\stm32_it.o
                0x08004070                SysTick_Handler
 .text.TIM2_IRQHandler
                0x08004090       0x4c ..\obj\stm32_it.o
                0x08004090                TIM2_IRQHandler
 .text.EP1_IN_Callback
                0x080040dc        0xc ..\obj\usb_endp.o
                0x080040dc                EP1_IN_Callback
 .text.Reset_Handler
                0x080040e8       0x44 ..\obj\startup_stm32f30x.o
                0x080040e8                Reset_Handler
 .text.Default_Handler
                0x0800412c        0x2 ..\obj\startup_stm32f30x.o
                0x0800412c                RTC_Alarm_IRQHandler
                0x0800412c                TIM8_TRG_COM_IRQHandler
                0x0800412c                TIM8_CC_IRQHandler
                0x0800412c                TIM1_CC_IRQHandler
                0x0800412c                PVD_IRQHandler
                0x0800412c                EXTI3_IRQHandler
                0x0800412c                EXTI0_IRQHandler
                0x0800412c                I2C2_EV_IRQHandler
                0x0800412c                FPU_IRQHandler
                0x0800412c                EXTI2_TS_IRQHandler
                0x0800412c                TIM1_UP_TIM16_IRQHandler
                0x0800412c                ADC1_2_IRQHandler
                0x0800412c                SPI1_IRQHandler
                0x0800412c                TIM6_DAC_IRQHandler
                0x0800412c                TIM8_UP_IRQHandler
                0x0800412c                DMA2_Channel2_IRQHandler
                0x0800412c                DMA1_Channel4_IRQHandler
                0x0800412c                USART3_IRQHandler
                0x0800412c                DMA1_Channel7_IRQHandler
                0x0800412c                CAN1_RX1_IRQHandler
                0x0800412c                UART5_IRQHandler
                0x0800412c                ADC3_IRQHandler
                0x0800412c                DMA2_Channel1_IRQHandler
                0x0800412c                I2C1_EV_IRQHandler
                0x0800412c                DMA1_Channel6_IRQHandler
                0x0800412c                UART4_IRQHandler
                0x0800412c                DMA2_Channel4_IRQHandler
                0x0800412c                TIM3_IRQHandler
                0x0800412c                RCC_IRQHandler
                0x0800412c                DMA1_Channel1_IRQHandler
                0x0800412c                Default_Handler
                0x0800412c                USBWakeUp_RMP_IRQHandler
                0x0800412c                EXTI15_10_IRQHandler
                0x0800412c                EXTI9_5_IRQHandler
                0x0800412c                TAMPER_STAMP_IRQHandler
                0x0800412c                RTC_WKUP_IRQHandler
                0x0800412c                SPI2_IRQHandler
                0x0800412c                DMA2_Channel5_IRQHandler
                0x0800412c                DMA1_Channel5_IRQHandler
                0x0800412c                USB_LP_IRQHandler
                0x0800412c                EXTI4_IRQHandler
                0x0800412c                TIM1_TRG_COM_TIM17_IRQHandler
                0x0800412c                ADC4_IRQHandler
                0x0800412c                WWDG_IRQHandler
                0x0800412c                COMP7_IRQHandler
                0x0800412c                COMP1_2_3_IRQHandler
                0x0800412c                EXTI1_IRQHandler
                0x0800412c                USART2_IRQHandler
                0x0800412c                COMP4_5_6_IRQHandler
                0x0800412c                I2C2_ER_IRQHandler
                0x0800412c                TIM8_BRK_IRQHandler
                0x0800412c                CAN1_SCE_IRQHandler
                0x0800412c                FLASH_IRQHandler
                0x0800412c                USART1_IRQHandler
                0x0800412c                SPI3_IRQHandler
                0x0800412c                I2C1_ER_IRQHandler
                0x0800412c                DMA2_Channel3_IRQHandler
                0x0800412c                TIM1_BRK_TIM15_IRQHandler
 *fill*         0x0800412e        0x2 
 .text.SYSCFG_EXTILineConfig
                0x08004130       0x94 ..\obj\stm32f30x_syscfg.o
                0x08004130                SYSCFG_EXTILineConfig
 .text.UserToPMABufferCopy
                0x080041c4       0x80 ..\obj\usb_mem.o
                0x080041c4                UserToPMABufferCopy
 .text.PMAToUserBufferCopy
                0x08004244       0x68 ..\obj\usb_mem.o
                0x08004244                PMAToUserBufferCopy
 .text.USB_Istr
                0x080042ac      0x23c ..\obj\usb_istr.o
                0x080042ac                USB_Istr
 .text.SOF_Callback
                0x080044e8       0xac ..\obj\usb_istr.o
                0x080044e8                SOF_Callback
 .text          0x08004594      0x114 c:/program files (x86)/gnu tools arm embedded/5.4 2016q3/bin/../lib/gcc/arm-none-eabi/5.4.1/armv6-m\libgcc.a(_udivsi3.o)
                0x08004594                __aeabi_uidiv
                0x08004594                __udivsi3
                0x080046a0                __aeabi_uidivmod
 .text          0x080046a8      0x1d4 c:/program files (x86)/gnu tools arm embedded/5.4 2016q3/bin/../lib/gcc/arm-none-eabi/5.4.1/armv6-m\libgcc.a(_divsi3.o)
                0x080046a8                __divsi3
                0x080046a8                __aeabi_idiv
                0x08004874                __aeabi_idivmod
 .text          0x0800487c        0x4 c:/program files (x86)/gnu tools arm embedded/5.4 2016q3/bin/../lib/gcc/arm-none-eabi/5.4.1/armv6-m\libgcc.a(_dvmd_tls.o)
                0x0800487c                __aeabi_idiv0
                0x0800487c                __aeabi_ldiv0
 .text.startup.register_fini
                0x08004880       0x18 ..\..\..\..\..\..\..\..\Program Files (x86)\GNU Tools ARM Embedded\5.4 2016q3\arm-none-eabi\lib\armv6-m\libc.a(lib_a-__call_atexit.o)
 .text.atexit   0x08004898       0x10 ..\..\..\..\..\..\..\..\Program Files (x86)\GNU Tools ARM Embedded\5.4 2016q3\arm-none-eabi\lib\armv6-m\libc.a(lib_a-atexit.o)
                0x08004898                atexit
 .text.__libc_fini_array
                0x080048a8       0x34 ..\..\..\..\..\..\..\..\Program Files (x86)\GNU Tools ARM Embedded\5.4 2016q3\arm-none-eabi\lib\armv6-m\libc.a(lib_a-fini.o)
                0x080048a8                __libc_fini_array
 .text.__register_exitproc
                0x080048dc       0xd4 ..\..\..\..\..\..\..\..\Program Files (x86)\GNU Tools ARM Embedded\5.4 2016q3\arm-none-eabi\lib\armv6-m\libc.a(lib_a-__atexit.o)
                0x080048dc                __register_exitproc
 *(.init)
 .init          0x080049b0        0x4 c:/program files (x86)/gnu tools arm embedded/5.4 2016q3/bin/../lib/gcc/arm-none-eabi/5.4.1/armv6-m/crti.o
                0x080049b0                _init
 .init          0x080049b4        0x8 c:/program files (x86)/gnu tools arm embedded/5.4 2016q3/bin/../lib/gcc/arm-none-eabi/5.4.1/armv6-m/crtn.o
 *(.fini)
 .fini          0x080049bc        0x4 c:/program files (x86)/gnu tools arm embedded/5.4 2016q3/bin/../lib/gcc/arm-none-eabi/5.4.1/armv6-m/crti.o
                0x080049bc                _fini
 .fini          0x080049c0        0x8 c:/program files (x86)/gnu tools arm embedded/5.4 2016q3/bin/../lib/gcc/arm-none-eabi/5.4.1/armv6-m/crtn.o
 *crtbegin.o(.ctors)
 *crtbegin?.o(.ctors)
 *(EXCLUDE_FILE(*crtend.o *crtend?.o) .ctors)
 *(SORT(.ctors.*))
 *(.ctors)
 *crtbegin.o(.dtors)
 *crtbegin?.o(.dtors)
 *(EXCLUDE_FILE(*crtend.o *crtend?.o) .dtors)
 *(SORT(.dtors.*))
 *(.dtors)
 *(.rodata*)
 .rodata        0x080049c8       0xcc ..\obj\usb_desc.o
                0x080049c8                MICROPHONE_DeviceDescriptor
                0x080049dc                MICROPHONE_ConfigDescriptor
                0x08004a4c                MICROPHONE_StringLangID
                0x08004a50                MICROPHONE_StringVendor
                0x08004a78                MICROPHONE_StringProduct
 .rodata        0x08004a94       0x18 ..\obj\usb_pwr.o
 .rodata._global_impure_ptr
                0x08004aac        0x4 ..\..\..\..\..\..\..\..\Program Files (x86)\GNU Tools ARM Embedded\5.4 2016q3\arm-none-eabi\lib\armv6-m\libc.a(lib_a-impure.o)
                0x08004aac                _global_impure_ptr
 *(.eh_fram e*)

.eh_frame       0x08004ab0        0x0
 .eh_frame      0x08004ab0        0x0 c:/program files (x86)/gnu tools arm embedded/5.4 2016q3/bin/../lib/gcc/arm-none-eabi/5.4.1/armv6-m/crtbegin.o

.glue_7         0x08004ab0        0x0
 .glue_7        0x08004ab0        0x0 linker stubs

.glue_7t        0x08004ab0        0x0
 .glue_7t       0x08004ab0        0x0 linker stubs

.vfp11_veneer   0x08004ab0        0x0
 .vfp11_veneer  0x08004ab0        0x0 linker stubs

.v4_bx          0x08004ab0        0x0
 .v4_bx         0x08004ab0        0x0 linker stubs

.iplt           0x08004ab0        0x0
 .iplt          0x08004ab0        0x0 c:/program files (x86)/gnu tools arm embedded/5.4 2016q3/bin/../lib/gcc/arm-none-eabi/5.4.1/armv6-m/crtbegin.o

.rel.dyn        0x08004ab0        0x0
 .rel.iplt      0x08004ab0        0x0 c:/program files (x86)/gnu tools arm embedded/5.4 2016q3/bin/../lib/gcc/arm-none-eabi/5.4.1/armv6-m/crtbegin.o

.ARM.extab
 *(.ARM.extab* .gnu.linkonce.armextab.*)
                0x08004ab0                __exidx_start = .

.ARM.exidx
 *(.ARM.exidx* .gnu.linkonce.armexidx.*)
                0x08004ab0                __exidx_end = .
                0x08004ab0                __etext = .
                0x08004ab0                _sidata = __etext

.data           0x20000000      0x538 load address 0x08004ab0
                0x20000000                __data_start__ = .
                0x20000000                _sdata = __data_start__
 *(vtable)
 *(.data*)
 .data          0x20000000       0x14 ..\obj\system_stm32f30x.o
                0x20000000                SystemCoreClock
                0x20000004                AHBPrescTable
 .data          0x20000014        0x8 ..\obj\Periph_init.o
                0x20000014                PWM_main_frequency
                0x20000018                PWM_frequency
 .data          0x2000001c       0x1a ..\obj\usb_desc.o
                0x2000001c                MICROPHONE_StringSerial
 *fill*         0x20000036        0x2 
 .data          0x20000038       0x88 ..\obj\usb_prop.o
                0x20000038                Device_Table
                0x2000003c                Device_Property
                0x2000006c                User_Standard_Requests
                0x20000090                Device_Descriptor
                0x20000098                Config_Descriptor
                0x200000a0                String_Descriptor
 .data          0x200000c0        0x1 ..\obj\usb_pwr.o
                0x200000c0                fSuspendEnabled
 *fill*         0x200000c1        0x3 
 .data          0x200000c4       0x38 ..\obj\usb_istr.o
                0x200000c4                pEpInt_IN
                0x200000e0                pEpInt_OUT
 *fill*         0x200000fc        0x4 
 .data.impure_data
                0x20000100      0x428 ..\..\..\..\..\..\..\..\Program Files (x86)\GNU Tools ARM Embedded\5.4 2016q3\arm-none-eabi\lib\armv6-m\libc.a(lib_a-impure.o)
                0x20000528                . = ALIGN (0x4)
                0x20000528                PROVIDE (__preinit_array_start, .)
 *(.preinit_array)
                0x20000528                PROVIDE (__preinit_array_end, .)
                0x20000528                . = ALIGN (0x4)
                0x20000528                PROVIDE (__init_array_start, .)
 *(SORT(.init_array.*))
 .init_array.00000
                0x20000528        0x4 ..\..\..\..\..\..\..\..\Program Files (x86)\GNU Tools ARM Embedded\5.4 2016q3\arm-none-eabi\lib\armv6-m\libc.a(lib_a-__call_atexit.o)
 *(.init_array)
 .init_array    0x2000052c        0x4 c:/program files (x86)/gnu tools arm embedded/5.4 2016q3/bin/../lib/gcc/arm-none-eabi/5.4.1/armv6-m/crtbegin.o
                0x20000530                PROVIDE (__init_array_end, .)
                0x20000530                . = ALIGN (0x4)
                0x20000530                PROVIDE (__fini_array_start, .)
 *(SORT(.fini_array.*))
 *(.fini_array)
 .fini_array    0x20000530        0x4 c:/program files (x86)/gnu tools arm embedded/5.4 2016q3/bin/../lib/gcc/arm-none-eabi/5.4.1/armv6-m/crtbegin.o
                0x20000534                PROVIDE (__fini_array_end, .)
 *(.jcr*)
 .jcr           0x20000534        0x0 c:/program files (x86)/gnu tools arm embedded/5.4 2016q3/bin/../lib/gcc/arm-none-eabi/5.4.1/armv6-m/crtbegin.o
 .jcr           0x20000534        0x4 c:/program files (x86)/gnu tools arm embedded/5.4 2016q3/bin/../lib/gcc/arm-none-eabi/5.4.1/armv6-m/crtend.o
                0x20000538                . = ALIGN (0x4)
                0x20000538                __data_end__ = .
                0x20000538                _edata = __data_end__

.igot.plt       0x20000538        0x0 load address 0x08004fe8
 .igot.plt      0x20000538        0x0 c:/program files (x86)/gnu tools arm embedded/5.4 2016q3/bin/../lib/gcc/arm-none-eabi/5.4.1/armv6-m/crtbegin.o

.bss            0x20000538     0x6730 load address 0x08004fe8
                0x20000538                . = ALIGN (0x4)
                0x20000538                __bss_start__ = .
                0x20000538                _sbss = __bss_start__
 *(.bss*)
 .bss           0x20000538       0x1c c:/program files (x86)/gnu tools arm embedded/5.4 2016q3/bin/../lib/gcc/arm-none-eabi/5.4.1/armv6-m/crtbegin.o
 .bss           0x20000554        0x1 ..\obj\usb_core.o
                0x20000554                Data_Mul_MaxPacketSize
 *fill*         0x20000555        0x3 
 .bss           0x20000558        0x4 ..\obj\usb_prop.o
                0x20000558                MUTE_DATA
 .bss           0x2000055c        0x8 ..\obj\usb_pwr.o
                0x2000055c                bDeviceState
                0x20000560                remotewakeupon
 .bss           0x20000564        0x7 ..\obj\main.o
                0x20000564                needsend
                0x20000566                i
                0x20000568                j
                0x2000056a                start_flight
 *fill*         0x2000056b        0x1 
 .bss           0x2000056c        0xc ..\obj\usb_istr.o
                0x2000056c                bIntPackSOF
                0x20000570                esof_counter
                0x20000574                wCNTR
 *(COMMON)
 COMMON         0x20000578      0x634 ..\obj\MS5611.o
                0x20000578                meanValue
                0x2000057c                external_signal_buffer
                0x2000097c                startSample
                0x2000097e                addresBuffer
                0x20000980                SPI1_data_Rx
                0x20000988                pwmValue
                0x2000098c                SPI1_data_Tx
                0x20000994                sizeBuffer
                0x20000996                sendBytes
                0x20000997                usbStartdata
                0x20000998                clockChange
                0x2000099c                USB_buffer3
                0x20000a1c                counterPWMBuffer
                0x20000a1e                time_counter
                0x20000a20                dataCheck
                0x20000a22                sendSOF
                0x20000a23                checkIncrement2
                0x20000a24                incrementEnc1
                0x20000a25                checkIncrement1
                0x20000a26                send_data
                0x20000a27                SOFCount
                0x20000a28                numberOfSamplesPerFrame
                0x20000a29                incrementEnc2
                0x20000a2c                USB_buffer
                0x20000b2c                USB_buffer2
 COMMON         0x20000bac        0x2 ..\obj\usb_core.o
                0x20000bac                StatusInfo
 COMMON         0x20000bae        0x4 ..\obj\usb_int.o
                0x20000bae                SaveRState
                0x20000bb0                SaveTState
 *fill*         0x20000bb2        0x6 
 COMMON         0x20000bb8     0x5da8 ..\obj\hw_config.o
                0x20000bb8                positionEncoder2Old
                0x20000bba                positionEncoder2
                0x20000bbc                HSEStartUpStatus
                0x20000bbd                slippagetime
                0x20000bc0                tempdata5
                0x20000bc8                sum_mean3
                0x20000bd0                sum_product
                0x20000bd8                sum_sqr1
                0x20000be0                corr_final
                0x20001158                sum_sqrt2
                0x20001160                corData2
                0x20001168                tempdata4
                0x20001170                sqr3
                0x20001c60                mean2
                0x20002750                product3
                0x20003240                corrSum
                0x20003244                acc_data
                0x20003250                sum_sqr2
                0x20003258                tempdata3
                0x20003260                tempdata2
                0x20003264                sqr1
                0x20003d54                checkMov1
                0x20003d58                sum_sqrt1
                0x20003d60                corData3
                0x20003d62                window_increment
                0x20003d64                sqr2
                0x20004854                encDirect
                0x20004856                global_incrementer
                0x20004858                sum_product3
                0x20004860                sum_mean1
                0x20004864                positionEncoderOld
                0x20004866                positionEncoder
                0x20004868                checkMov2
                0x2000486c                EXTI_InitStructure
                0x20004874                mean3
                0x20005364                sum_mean2
                0x20005368                corr_result3
                0x2000536a                start_computing_Gain
                0x2000536c                tempdata1
                0x20005370                corData1
                0x20005372                corr_result
                0x20005374                mean1
                0x20005e64                data_sample
                0x20005e68                sum_sqr3
                0x20005e70                product
 COMMON         0x20006960       0x24 ..\obj\usb_pwr.o
                0x20006960                ResumeS
                0x20006964                EP
 COMMON         0x20006984       0x32 ..\obj\usb_init.o
                0x20006984                SaveState
                0x20006988                pProperty
                0x2000698c                EPindex
                0x20006990                Device_Info
                0x200069ac                pUser_Standard_Requests
                0x200069b0                pInformation
                0x200069b4                wInterrupt_Mask
 *fill*         0x200069b6        0x2 
 COMMON         0x200069b8      0x2a8 ..\obj\main.o
                0x200069b8                Gain_Mult2
                0x200069d0                A_pred
                0x200069dc                A
                0x200069e8                K
                0x20006b68                usb_data_count
                0x20006b6c                Gain_result
                0x20006b84                Q_new
                0x20006b94                Q
                0x20006ba4                USB_bufferZeros
                0x20006c24                Gain_Mult1
                0x20006c3c                exti
                0x20006c44                G
                0x20006c50                Sys_delay
                0x20006c54                gyro_body
 COMMON         0x20006c60        0x2 ..\obj\stm32_it.o
                0x20006c60                Out_Data_Offset
 COMMON         0x20006c62        0x2 ..\obj\usb_endp.o
                0x20006c62                In_Data_Offset
 COMMON         0x20006c64        0x2 ..\obj\usb_istr.o
                0x20006c64                wIstr
                0x20006c68                . = ALIGN (0x4)
 *fill*         0x20006c66        0x2 
                0x20006c68                __bss_end__ = .
                0x20006c68                _ebss = __bss_end__

.heap           0x20006c68        0x0
                0x20006c68                __end__ = .
                0x20006c68                _end = __end__
                0x20006c68                end = __end__
 *(.heap*)
                0x20006c68                __HeapLimit = .

.co_stack       0x20006c68        0x0
                0x20006c68                . = ALIGN (0x8)
 *(.co_stack .co_stack.*)
                0x2000a000                __StackTop = (ORIGIN (ram) + LENGTH (ram))
                0x2000a000                __StackLimit = (__StackTop - SIZEOF (.co_stack))
                0x2000a000                PROVIDE (__stack, __StackTop)
                0x00000001                ASSERT ((__StackLimit >= __HeapLimit), region ram  overflowed with stack)
LOAD ..\obj\MS5611.o
LOAD ..\obj\usb_core.o
LOAD ..\obj\stm32f30x_rcc.o
LOAD ..\obj\stm32f3_discovery_lsm303dlhc.o
LOAD ..\obj\arm_common_tables.o
LOAD ..\obj\system_stm32f30x.o
LOAD ..\obj\Periph_init.o
LOAD ..\obj\usb_int.o
LOAD ..\obj\usb_desc.o
LOAD ..\obj\usb_regs.o
LOAD ..\obj\hw_config.o
LOAD ..\obj\usb_prop.o
LOAD ..\obj\stm32f30x_gpio.o
LOAD ..\obj\usb_pwr.o
LOAD ..\obj\usb_init.o
LOAD ..\obj\main.o
LOAD ..\obj\stm32f30x_dma.o
LOAD ..\obj\stm32f30x_exti.o
LOAD ..\obj\stm32f30x_spi.o
LOAD ..\obj\stm32f30x_i2c.o
LOAD ..\obj\arm_add_f32.o
LOAD ..\obj\usb_sil.o
LOAD ..\obj\system_stm32f30x_temp.o
LOAD ..\obj\syscalls.o
LOAD ..\obj\stm32f30x_misc.o
LOAD ..\obj\stm32f30x_tim.o
LOAD ..\obj\arm_cos_f32.o
LOAD ..\obj\stm32_it.o
LOAD ..\obj\usb_endp.o
LOAD ..\obj\startup_stm32f30x.o
LOAD ..\obj\stm32f30x_syscfg.o
LOAD ..\obj\Kalman.o
LOAD ..\obj\arm_sin_f32.o
LOAD ..\obj\Quaternion.o
LOAD ..\obj\usb_mem.o
LOAD ..\obj\stm32f3_discovery.o
LOAD ..\obj\usb_istr.o
LOAD ..\obj\stm32f30x_usart.o
LOAD ..\obj\arm_mult_f32.o
LOAD ..\..\..\..\..\..\..\..\Program Files (x86)\GNU Tools ARM Embedded\5.4 2016q3\arm-none-eabi\lib\armv6-m\libm.a
LOAD c:/program files (x86)/gnu tools arm embedded/5.4 2016q3/bin/../lib/gcc/arm-none-eabi/5.4.1/armv6-m\libgcc.a
LOAD ..\..\..\..\..\..\..\..\Program Files (x86)\GNU Tools ARM Embedded\5.4 2016q3\arm-none-eabi\lib\armv6-m\libc.a
START GROUP
LOAD c:/program files (x86)/gnu tools arm embedded/5.4 2016q3/bin/../lib/gcc/arm-none-eabi/5.4.1/armv6-m\libgcc.a
LOAD ..\..\..\..\..\..\..\..\Program Files (x86)\GNU Tools ARM Embedded\5.4 2016q3\arm-none-eabi\lib\armv6-m\libg.a
LOAD ..\..\..\..\..\..\..\..\Program Files (x86)\GNU Tools ARM Embedded\5.4 2016q3\arm-none-eabi\lib\armv6-m\libc.a
END GROUP
LOAD c:/program files (x86)/gnu tools arm embedded/5.4 2016q3/bin/../lib/gcc/arm-none-eabi/5.4.1/armv6-m/crtend.o
LOAD c:/program files (x86)/gnu tools arm embedded/5.4 2016q3/bin/../lib/gcc/arm-none-eabi/5.4.1/armv6-m/crtn.o
OUTPUT(compass_new.elf elf32-littlearm)

.ARM.attributes
                0x00000000       0x2d
 .ARM.attributes
                0x00000000       0x1e c:/program files (x86)/gnu tools arm embedded/5.4 2016q3/bin/../lib/gcc/arm-none-eabi/5.4.1/armv6-m/crti.o
 .ARM.attributes
                0x0000001e       0x2c c:/program files (x86)/gnu tools arm embedded/5.4 2016q3/bin/../lib/gcc/arm-none-eabi/5.4.1/armv6-m/crtbegin.o
 .ARM.attributes
                0x0000004a       0x31 ..\obj\MS5611.o
 .ARM.attributes
                0x0000007b       0x31 ..\obj\usb_core.o
 .ARM.attributes
                0x000000ac       0x31 ..\obj\stm32f30x_rcc.o
 .ARM.attributes
                0x000000dd       0x31 ..\obj\system_stm32f30x.o
 .ARM.attributes
                0x0000010e       0x31 ..\obj\Periph_init.o
 .ARM.attributes
                0x0000013f       0x31 ..\obj\usb_int.o
 .ARM.attributes
                0x00000170       0x31 ..\obj\usb_desc.o
 .ARM.attributes
                0x000001a1       0x31 ..\obj\usb_regs.o
 .ARM.attributes
                0x000001d2       0x31 ..\obj\hw_config.o
 .ARM.attributes
                0x00000203       0x31 ..\obj\usb_prop.o
 .ARM.attributes
                0x00000234       0x31 ..\obj\stm32f30x_gpio.o
 .ARM.attributes
                0x00000265       0x31 ..\obj\usb_pwr.o
 .ARM.attributes
                0x00000296       0x31 ..\obj\usb_init.o
 .ARM.attributes
                0x000002c7       0x31 ..\obj\main.o
 .ARM.attributes
                0x000002f8       0x31 ..\obj\stm32f30x_dma.o
 .ARM.attributes
                0x00000329       0x31 ..\obj\stm32f30x_exti.o
 .ARM.attributes
                0x0000035a       0x31 ..\obj\stm32f30x_spi.o
 .ARM.attributes
                0x0000038b       0x31 ..\obj\usb_sil.o
 .ARM.attributes
                0x000003bc       0x31 ..\obj\stm32f30x_misc.o
 .ARM.attributes
                0x000003ed       0x31 ..\obj\stm32f30x_tim.o
 .ARM.attributes
                0x0000041e       0x31 ..\obj\stm32_it.o
 .ARM.attributes
                0x0000044f       0x31 ..\obj\usb_endp.o
 .ARM.attributes
                0x00000480       0x21 ..\obj\startup_stm32f30x.o
 .ARM.attributes
                0x000004a1       0x31 ..\obj\stm32f30x_syscfg.o
 .ARM.attributes
                0x000004d2       0x31 ..\obj\usb_mem.o
 .ARM.attributes
                0x00000503       0x31 ..\obj\usb_istr.o
 .ARM.attributes
                0x00000534       0x1e c:/program files (x86)/gnu tools arm embedded/5.4 2016q3/bin/../lib/gcc/arm-none-eabi/5.4.1/armv6-m\libgcc.a(_udivsi3.o)
 .ARM.attributes
                0x00000552       0x1e c:/program files (x86)/gnu tools arm embedded/5.4 2016q3/bin/../lib/gcc/arm-none-eabi/5.4.1/armv6-m\libgcc.a(_divsi3.o)
 .ARM.attributes
                0x00000570       0x1e c:/program files (x86)/gnu tools arm embedded/5.4 2016q3/bin/../lib/gcc/arm-none-eabi/5.4.1/armv6-m\libgcc.a(_dvmd_tls.o)
 .ARM.attributes
                0x0000058e       0x2c ..\..\..\..\..\..\..\..\Program Files (x86)\GNU Tools ARM Embedded\5.4 2016q3\arm-none-eabi\lib\armv6-m\libc.a(lib_a-impure.o)
 .ARM.attributes
                0x000005ba       0x2c ..\..\..\..\..\..\..\..\Program Files (x86)\GNU Tools ARM Embedded\5.4 2016q3\arm-none-eabi\lib\armv6-m\libc.a(lib_a-__call_atexit.o)
 .ARM.attributes
                0x000005e6       0x2c ..\..\..\..\..\..\..\..\Program Files (x86)\GNU Tools ARM Embedded\5.4 2016q3\arm-none-eabi\lib\armv6-m\libc.a(lib_a-atexit.o)
 .ARM.attributes
                0x00000612       0x2c ..\..\..\..\..\..\..\..\Program Files (x86)\GNU Tools ARM Embedded\5.4 2016q3\arm-none-eabi\lib\armv6-m\libc.a(lib_a-fini.o)
 .ARM.attributes
                0x0000063e       0x2c ..\..\..\..\..\..\..\..\Program Files (x86)\GNU Tools ARM Embedded\5.4 2016q3\arm-none-eabi\lib\armv6-m\libc.a(lib_a-__atexit.o)
 .ARM.attributes
                0x0000066a       0x2c c:/program files (x86)/gnu tools arm embedded/5.4 2016q3/bin/../lib/gcc/arm-none-eabi/5.4.1/armv6-m/crtend.o
 .ARM.attributes
                0x00000696       0x1e c:/program files (x86)/gnu tools arm embedded/5.4 2016q3/bin/../lib/gcc/arm-none-eabi/5.4.1/armv6-m/crtn.o

.comment        0x00000000       0x6e
 .comment       0x00000000       0x6e ..\obj\MS5611.o
                                 0x6f (size before relaxing)
 .comment       0x0000006e       0x6f ..\obj\usb_core.o
 .comment       0x0000006e       0x6f ..\obj\stm32f30x_rcc.o
 .comment       0x0000006e       0x6f ..\obj\system_stm32f30x.o
 .comment       0x0000006e       0x6f ..\obj\Periph_init.o
 .comment       0x0000006e       0x6f ..\obj\usb_int.o
 .comment       0x0000006e       0x6f ..\obj\usb_desc.o
 .comment       0x0000006e       0x6f ..\obj\usb_regs.o
 .comment       0x0000006e       0x6f ..\obj\hw_config.o
 .comment       0x0000006e       0x6f ..\obj\usb_prop.o
 .comment       0x0000006e       0x6f ..\obj\stm32f30x_gpio.o
 .comment       0x0000006e       0x6f ..\obj\usb_pwr.o
 .comment       0x0000006e       0x6f ..\obj\usb_init.o
 .comment       0x0000006e       0x6f ..\obj\main.o
 .comment       0x0000006e       0x6f ..\obj\stm32f30x_dma.o
 .comment       0x0000006e       0x6f ..\obj\stm32f30x_exti.o
 .comment       0x0000006e       0x6f ..\obj\stm32f30x_spi.o
 .comment       0x0000006e       0x6f ..\obj\usb_sil.o
 .comment       0x0000006e       0x6f ..\obj\stm32f30x_misc.o
 .comment       0x0000006e       0x6f ..\obj\stm32f30x_tim.o
 .comment       0x0000006e       0x6f ..\obj\stm32_it.o
 .comment       0x0000006e       0x6f ..\obj\usb_endp.o
 .comment       0x0000006e       0x6f ..\obj\stm32f30x_syscfg.o
 .comment       0x0000006e       0x6f ..\obj\usb_mem.o
 .comment       0x0000006e       0x6f ..\obj\usb_istr.o

.debug_info     0x00000000     0xd526
 .debug_info    0x00000000      0x5c6 ..\obj\MS5611.o
 .debug_info    0x000005c6      0xb7e ..\obj\usb_core.o
 .debug_info    0x00001144      0xacc ..\obj\stm32f30x_rcc.o
 .debug_info    0x00001c10      0x4bb ..\obj\system_stm32f30x.o
 .debug_info    0x000020cb      0xff1 ..\obj\Periph_init.o
 .debug_info    0x000030bc      0x1f3 ..\obj\usb_int.o
 .debug_info    0x000032af      0x3d4 ..\obj\usb_desc.o
 .debug_info    0x00003683      0xc87 ..\obj\usb_regs.o
 .debug_info    0x0000430a      0xe24 ..\obj\hw_config.o
 .debug_info    0x0000512e      0x9fa ..\obj\usb_prop.o
 .debug_info    0x00005b28      0x612 ..\obj\stm32f30x_gpio.o
 .debug_info    0x0000613a      0x53c ..\obj\usb_pwr.o
 .debug_info    0x00006676      0x454 ..\obj\usb_init.o
 .debug_info    0x00006aca     0x10a2 ..\obj\main.o
 .debug_info    0x00007b6c      0x47b ..\obj\stm32f30x_dma.o
 .debug_info    0x00007fe7      0x3c4 ..\obj\stm32f30x_exti.o
 .debug_info    0x000083ab      0xb7a ..\obj\stm32f30x_spi.o
 .debug_info    0x00008f25      0x186 ..\obj\usb_sil.o
 .debug_info    0x000090ab      0x556 ..\obj\stm32f30x_misc.o
 .debug_info    0x00009601     0x218c ..\obj\stm32f30x_tim.o
 .debug_info    0x0000b78d      0xbf4 ..\obj\stm32_it.o
 .debug_info    0x0000c381      0x31a ..\obj\usb_endp.o
 .debug_info    0x0000c69b       0xc1 ..\obj\startup_stm32f30x.o
 .debug_info    0x0000c75c      0x3ce ..\obj\stm32f30x_syscfg.o
 .debug_info    0x0000cb2a      0x1d2 ..\obj\usb_mem.o
 .debug_info    0x0000ccfc      0x82a ..\obj\usb_istr.o

.debug_abbrev   0x00000000     0x2560
 .debug_abbrev  0x00000000      0x167 ..\obj\MS5611.o
 .debug_abbrev  0x00000167      0x28d ..\obj\usb_core.o
 .debug_abbrev  0x000003f4      0x1ff ..\obj\stm32f30x_rcc.o
 .debug_abbrev  0x000005f3      0x147 ..\obj\system_stm32f30x.o
 .debug_abbrev  0x0000073a      0x1e1 ..\obj\Periph_init.o
 .debug_abbrev  0x0000091b       0xce ..\obj\usb_int.o
 .debug_abbrev  0x000009e9       0x7e ..\obj\usb_desc.o
 .debug_abbrev  0x00000a67      0x176 ..\obj\usb_regs.o
 .debug_abbrev  0x00000bdd      0x273 ..\obj\hw_config.o
 .debug_abbrev  0x00000e50      0x206 ..\obj\usb_prop.o
 .debug_abbrev  0x00001056      0x198 ..\obj\stm32f30x_gpio.o
 .debug_abbrev  0x000011ee      0x203 ..\obj\usb_pwr.o
 .debug_abbrev  0x000013f1      0x120 ..\obj\usb_init.o
 .debug_abbrev  0x00001511      0x2c5 ..\obj\main.o
 .debug_abbrev  0x000017d6      0x157 ..\obj\stm32f30x_dma.o
 .debug_abbrev  0x0000192d      0x17e ..\obj\stm32f30x_exti.o
 .debug_abbrev  0x00001aab      0x18b ..\obj\stm32f30x_spi.o
 .debug_abbrev  0x00001c36       0xbb ..\obj\usb_sil.o
 .debug_abbrev  0x00001cf1      0x147 ..\obj\stm32f30x_misc.o
 .debug_abbrev  0x00001e38      0x189 ..\obj\stm32f30x_tim.o
 .debug_abbrev  0x00001fc1      0x156 ..\obj\stm32_it.o
 .debug_abbrev  0x00002117       0x93 ..\obj\usb_endp.o
 .debug_abbrev  0x000021aa       0x12 ..\obj\startup_stm32f30x.o
 .debug_abbrev  0x000021bc      0x183 ..\obj\stm32f30x_syscfg.o
 .debug_abbrev  0x0000233f       0x9d ..\obj\usb_mem.o
 .debug_abbrev  0x000023dc      0x184 ..\obj\usb_istr.o

.debug_aranges  0x00000000      0xee0
 .debug_aranges
                0x00000000       0x38 ..\obj\MS5611.o
 .debug_aranges
                0x00000038       0xb0 ..\obj\usb_core.o
 .debug_aranges
                0x000000e8      0x150 ..\obj\stm32f30x_rcc.o
 .debug_aranges
                0x00000238       0x30 ..\obj\system_stm32f30x.o
 .debug_aranges
                0x00000268       0x58 ..\obj\Periph_init.o
 .debug_aranges
                0x000002c0       0x28 ..\obj\usb_int.o
 .debug_aranges
                0x000002e8       0x18 ..\obj\usb_desc.o
 .debug_aranges
                0x00000300      0x1f0 ..\obj\usb_regs.o
 .debug_aranges
                0x000004f0       0x58 ..\obj\hw_config.o
 .debug_aranges
                0x00000548       0x80 ..\obj\usb_prop.o
 .debug_aranges
                0x000005c8       0x80 ..\obj\stm32f30x_gpio.o
 .debug_aranges
                0x00000648       0x40 ..\obj\usb_pwr.o
 .debug_aranges
                0x00000688       0x20 ..\obj\usb_init.o
 .debug_aranges
                0x000006a8       0x78 ..\obj\main.o
 .debug_aranges
                0x00000720       0x70 ..\obj\stm32f30x_dma.o
 .debug_aranges
                0x00000790       0x58 ..\obj\stm32f30x_exti.o
 .debug_aranges
                0x000007e8      0x118 ..\obj\stm32f30x_spi.o
 .debug_aranges
                0x00000900       0x30 ..\obj\usb_sil.o
 .debug_aranges
                0x00000930       0x40 ..\obj\stm32f30x_misc.o
 .debug_aranges
                0x00000970      0x3a8 ..\obj\stm32f30x_tim.o
 .debug_aranges
                0x00000d18       0xa8 ..\obj\stm32_it.o
 .debug_aranges
                0x00000dc0       0x20 ..\obj\usb_endp.o
 .debug_aranges
                0x00000de0       0x28 ..\obj\startup_stm32f30x.o
 .debug_aranges
                0x00000e08       0x88 ..\obj\stm32f30x_syscfg.o
 .debug_aranges
                0x00000e90       0x28 ..\obj\usb_mem.o
 .debug_aranges
                0x00000eb8       0x28 ..\obj\usb_istr.o

.debug_ranges   0x00000000      0xe18
 .debug_ranges  0x00000000       0x28 ..\obj\MS5611.o
 .debug_ranges  0x00000028       0xa0 ..\obj\usb_core.o
 .debug_ranges  0x000000c8      0x140 ..\obj\stm32f30x_rcc.o
 .debug_ranges  0x00000208       0x20 ..\obj\system_stm32f30x.o
 .debug_ranges  0x00000228       0x48 ..\obj\Periph_init.o
 .debug_ranges  0x00000270       0x18 ..\obj\usb_int.o
 .debug_ranges  0x00000288      0x2b8 ..\obj\usb_regs.o
 .debug_ranges  0x00000540       0x48 ..\obj\hw_config.o
 .debug_ranges  0x00000588       0x70 ..\obj\usb_prop.o
 .debug_ranges  0x000005f8       0x70 ..\obj\stm32f30x_gpio.o
 .debug_ranges  0x00000668       0x30 ..\obj\usb_pwr.o
 .debug_ranges  0x00000698       0x10 ..\obj\usb_init.o
 .debug_ranges  0x000006a8       0x68 ..\obj\main.o
 .debug_ranges  0x00000710       0x60 ..\obj\stm32f30x_dma.o
 .debug_ranges  0x00000770       0x48 ..\obj\stm32f30x_exti.o
 .debug_ranges  0x000007b8      0x108 ..\obj\stm32f30x_spi.o
 .debug_ranges  0x000008c0       0x20 ..\obj\usb_sil.o
 .debug_ranges  0x000008e0       0x30 ..\obj\stm32f30x_misc.o
 .debug_ranges  0x00000910      0x398 ..\obj\stm32f30x_tim.o
 .debug_ranges  0x00000ca8       0x98 ..\obj\stm32_it.o
 .debug_ranges  0x00000d40       0x10 ..\obj\usb_endp.o
 .debug_ranges  0x00000d50       0x20 ..\obj\startup_stm32f30x.o
 .debug_ranges  0x00000d70       0x78 ..\obj\stm32f30x_syscfg.o
 .debug_ranges  0x00000de8       0x18 ..\obj\usb_mem.o
 .debug_ranges  0x00000e00       0x18 ..\obj\usb_istr.o

.debug_line     0x00000000     0x59f5
 .debug_line    0x00000000      0x239 ..\obj\MS5611.o
 .debug_line    0x00000239      0x4db ..\obj\usb_core.o
 .debug_line    0x00000714      0x599 ..\obj\stm32f30x_rcc.o
 .debug_line    0x00000cad      0x211 ..\obj\system_stm32f30x.o
 .debug_line    0x00000ebe      0x3f9 ..\obj\Periph_init.o
 .debug_line    0x000012b7      0x278 ..\obj\usb_int.o
 .debug_line    0x0000152f      0x1b2 ..\obj\usb_desc.o
 .debug_line    0x000016e1      0x752 ..\obj\usb_regs.o
 .debug_line    0x00001e33      0x379 ..\obj\hw_config.o
 .debug_line    0x000021ac      0x314 ..\obj\usb_prop.o
 .debug_line    0x000024c0      0x334 ..\obj\stm32f30x_gpio.o
 .debug_line    0x000027f4      0x2ea ..\obj\usb_pwr.o
 .debug_line    0x00002ade      0x195 ..\obj\usb_init.o
 .debug_line    0x00002c73      0x461 ..\obj\main.o
 .debug_line    0x000030d4      0x324 ..\obj\stm32f30x_dma.o
 .debug_line    0x000033f8      0x2af ..\obj\stm32f30x_exti.o
 .debug_line    0x000036a7      0x533 ..\obj\stm32f30x_spi.o
 .debug_line    0x00003bda      0x1bc ..\obj\usb_sil.o
 .debug_line    0x00003d96      0x250 ..\obj\stm32f30x_misc.o
 .debug_line    0x00003fe6      0xcad ..\obj\stm32f30x_tim.o
 .debug_line    0x00004c93      0x372 ..\obj\stm32_it.o
 .debug_line    0x00005005      0x1c2 ..\obj\usb_endp.o
 .debug_line    0x000051c7       0xb2 ..\obj\startup_stm32f30x.o
 .debug_line    0x00005279      0x2ea ..\obj\stm32f30x_syscfg.o
 .debug_line    0x00005563      0x1db ..\obj\usb_mem.o
 .debug_line    0x0000573e      0x2b7 ..\obj\usb_istr.o

.debug_str      0x00000000     0x474e
 .debug_str     0x00000000      0x3fe ..\obj\MS5611.o
                                0x488 (size before relaxing)
 .debug_str     0x000003fe      0x7bf ..\obj\usb_core.o
                                0xa67 (size before relaxing)
 .debug_str     0x00000bbd      0x656 ..\obj\stm32f30x_rcc.o
                                0x806 (size before relaxing)
 .debug_str     0x00001213      0x103 ..\obj\system_stm32f30x.o
                                0x314 (size before relaxing)
 .debug_str     0x00001316      0xb79 ..\obj\Periph_init.o
                                0xf94 (size before relaxing)
 .debug_str     0x00001e8f       0x79 ..\obj\usb_int.o
                                0x1fa (size before relaxing)
 .debug_str     0x00001f08       0xdb ..\obj\usb_desc.o
                                0x3f4 (size before relaxing)
 .debug_str     0x00001fe3      0x405 ..\obj\usb_regs.o
                                0x583 (size before relaxing)
 .debug_str     0x000023e8      0x30e ..\obj\hw_config.o
                                0xf2e (size before relaxing)
 .debug_str     0x000026f6      0x1e6 ..\obj\usb_prop.o
                                0xa46 (size before relaxing)
 .debug_str     0x000028dc      0x195 ..\obj\stm32f30x_gpio.o
                                0x4b1 (size before relaxing)
 .debug_str     0x00002a71      0x153 ..\obj\usb_pwr.o
                                0x3ed (size before relaxing)
 .debug_str     0x00002bc4       0x55 ..\obj\usb_init.o
                                0x53b (size before relaxing)
 .debug_str     0x00002c19      0x212 ..\obj\main.o
                                0xcd4 (size before relaxing)
 .debug_str     0x00002e2b      0x142 ..\obj\stm32f30x_dma.o
                                0x3c2 (size before relaxing)
 .debug_str     0x00002f6d      0x132 ..\obj\stm32f30x_exti.o
                                0x392 (size before relaxing)
 .debug_str     0x0000309f      0x3da ..\obj\stm32f30x_spi.o
                                0x7d9 (size before relaxing)
 .debug_str     0x00003479       0x97 ..\obj\usb_sil.o
                                0x209 (size before relaxing)
 .debug_str     0x00003510      0x111 ..\obj\stm32f30x_misc.o
                                0x3e0 (size before relaxing)
 .debug_str     0x00003621      0xba1 ..\obj\stm32f30x_tim.o
                                0xf89 (size before relaxing)
 .debug_str     0x000041c2      0x1b5 ..\obj\stm32_it.o
                                0x863 (size before relaxing)
 .debug_str     0x00004377       0x52 ..\obj\usb_endp.o
                                0x37a (size before relaxing)
 .debug_str     0x000043c9      0x27b ..\obj\stm32f30x_syscfg.o
                                0x412 (size before relaxing)
 .debug_str     0x00004644       0x99 ..\obj\usb_mem.o
                                0x1fb (size before relaxing)
 .debug_str     0x000046dd       0x71 ..\obj\usb_istr.o
                                0x67d (size before relaxing)

.debug_frame    0x00000000     0x336c
 .debug_frame   0x00000000       0x90 ..\obj\MS5611.o
 .debug_frame   0x00000090      0x260 ..\obj\usb_core.o
 .debug_frame   0x000002f0      0x4e4 ..\obj\stm32f30x_rcc.o
 .debug_frame   0x000007d4       0x6c ..\obj\system_stm32f30x.o
 .debug_frame   0x00000840      0x110 ..\obj\Periph_init.o
 .debug_frame   0x00000950       0x50 ..\obj\usb_int.o
 .debug_frame   0x000009a0      0x75c ..\obj\usb_regs.o
 .debug_frame   0x000010fc      0x108 ..\obj\hw_config.o
 .debug_frame   0x00001204      0x19c ..\obj\usb_prop.o
 .debug_frame   0x000013a0      0x1b0 ..\obj\stm32f30x_gpio.o
 .debug_frame   0x00001550       0xac ..\obj\usb_pwr.o
 .debug_frame   0x000015fc       0x2c ..\obj\usb_init.o
 .debug_frame   0x00001628      0x18c ..\obj\main.o
 .debug_frame   0x000017b4      0x170 ..\obj\stm32f30x_dma.o
 .debug_frame   0x00001924      0x10c ..\obj\stm32f30x_exti.o
 .debug_frame   0x00001a30      0x410 ..\obj\stm32f30x_spi.o
 .debug_frame   0x00001e40       0x6c ..\obj\usb_sil.o
 .debug_frame   0x00001eac       0xb0 ..\obj\stm32f30x_misc.o
 .debug_frame   0x00001f5c      0xe50 ..\obj\stm32f30x_tim.o
 .debug_frame   0x00002dac      0x208 ..\obj\stm32_it.o
 .debug_frame   0x00002fb4       0x2c ..\obj\usb_endp.o
 .debug_frame   0x00002fe0      0x1cc ..\obj\stm32f30x_syscfg.o
 .debug_frame   0x000031ac       0x50 ..\obj\usb_mem.o
 .debug_frame   0x000031fc       0x4c ..\obj\usb_istr.o
 .debug_frame   0x00003248       0x20 c:/program files (x86)/gnu tools arm embedded/5.4 2016q3/bin/../lib/gcc/arm-none-eabi/5.4.1/armv6-m\libgcc.a(_udivsi3.o)
 .debug_frame   0x00003268       0x20 c:/program files (x86)/gnu tools arm embedded/5.4 2016q3/bin/../lib/gcc/arm-none-eabi/5.4.1/armv6-m\libgcc.a(_divsi3.o)
 .debug_frame   0x00003288       0x54 ..\..\..\..\..\..\..\..\Program Files (x86)\GNU Tools ARM Embedded\5.4 2016q3\arm-none-eabi\lib\armv6-m\libc.a(lib_a-__call_atexit.o)
 .debug_frame   0x000032dc       0x28 ..\..\..\..\..\..\..\..\Program Files (x86)\GNU Tools ARM Embedded\5.4 2016q3\arm-none-eabi\lib\armv6-m\libc.a(lib_a-atexit.o)
 .debug_frame   0x00003304       0x2c ..\..\..\..\..\..\..\..\Program Files (x86)\GNU Tools ARM Embedded\5.4 2016q3\arm-none-eabi\lib\armv6-m\libc.a(lib_a-fini.o)
 .debug_frame   0x00003330       0x3c ..\..\..\..\..\..\..\..\Program Files (x86)\GNU Tools ARM Embedded\5.4 2016q3\arm-none-eabi\lib\armv6-m\libc.a(lib_a-__atexit.o)
